=======================
>>> GPU VISTA DA PYTORCH; True
>>> MODELLO GPU: NVIDIA L40S
======================
/home/s.zanetti-thesis/tesi_llm
gnode01.e4-cluster.lan
mar 14 apr 2026, 18.40.29, CEST
Traceback (most recent call last):
  File "/home/s.zanetti-thesis/.conda/envs/tesi_env/lib/python3.10/site-packages/pandas/core/indexes/base.py", line 3812, in get_loc
    return self._engine.get_loc(casted_key)
  File "pandas/_libs/index.pyx", line 167, in pandas._libs.index.IndexEngine.get_loc
  File "pandas/_libs/index.pyx", line 196, in pandas._libs.index.IndexEngine.get_loc
  File "pandas/_libs/hashtable_class_helper.pxi", line 7088, in pandas._libs.hashtable.PyObjectHashTable.get_item
  File "pandas/_libs/hashtable_class_helper.pxi", line 7096, in pandas._libs.hashtable.PyObjectHashTable.get_item
KeyError: 'target_predetto_adv'

The above exception was the direct cause of the following exception:

Traceback (most recent call last):
  File "/home/s.zanetti-thesis/tesi_llm/isomorfismo_attacco_bb.py", line 19, in <module>
    df_successi = df_attacchi[df_attacchi['target_predetto_adv'] == 'Sicuro']
  File "/home/s.zanetti-thesis/.conda/envs/tesi_env/lib/python3.10/site-packages/pandas/core/frame.py", line 4113, in __getitem__
    indexer = self.columns.get_loc(key)
  File "/home/s.zanetti-thesis/.conda/envs/tesi_env/lib/python3.10/site-packages/pandas/core/indexes/base.py", line 3819, in get_loc
    raise KeyError(key) from err
KeyError: 'target_predetto_adv'

 Launching isomorfismo_attacco_bb.py...
Error: isomorfismo_attacco_bb.py exited with code 1

All scripts have been executed.
mar 14 apr 2026, 18.40.37, CEST
